EN hexcounter NULL /home/maxwell/GitHub/TrabajoSED/HexCounter/HexCounter.vhd sub00/vhpl08 1389508786
AR debouncer behavioral /home/maxwell/GitHub/TrabajoSED/HexCounter/Debouncer.vhd sub00/vhpl07 1389508783
EN top_hexcounter NULL /home/maxwell/GitHub/TrabajoSED/HexCounter/Top_HexCounter.vhd sub00/vhpl10 1389508790
AR statemachine behavioral /home/maxwell/GitHub/TrabajoSED/HexCounter/StateMachine.vhd sub00/vhpl05 1389508785
AR prescaler behavioral /home/maxwell/GitHub/TrabajoSED/HexCounter/Prescaler.vhd sub00/vhpl01 1389508781
AR hexdecoder dataflow /home/maxwell/GitHub/TrabajoSED/HexCounter/HexDecoder.vhd sub00/vhpl03 1389508789
EN hexdecoder NULL /home/maxwell/GitHub/TrabajoSED/HexCounter/HexDecoder.vhd sub00/vhpl02 1389508788
AR top_hexcounter structural /home/maxwell/GitHub/TrabajoSED/HexCounter/Top_HexCounter.vhd sub00/vhpl11 1389508791
AR hexcounter behavioral /home/maxwell/GitHub/TrabajoSED/HexCounter/HexCounter.vhd sub00/vhpl09 1389508787
EN statemachine NULL /home/maxwell/GitHub/TrabajoSED/HexCounter/StateMachine.vhd sub00/vhpl04 1389508784
EN prescaler NULL /home/maxwell/GitHub/TrabajoSED/HexCounter/Prescaler.vhd sub00/vhpl00 1389524948
EN debouncer NULL /home/maxwell/GitHub/TrabajoSED/HexCounter/Debouncer.vhd sub00/vhpl06 1389508782
