EN demux NULL /home/maxwell/GitHub/TrabajoSED/HexCounter/Demux.vhd sub00/vhpl12 1389619061
EN hexcounter NULL /home/maxwell/GitHub/TrabajoSED/HexCounter/HexCounter.vhd sub00/vhpl08 1389619063
AR debouncer behavioral /home/maxwell/GitHub/TrabajoSED/HexCounter/Debouncer.vhd sub00/vhpl07 1389619058
EN top_hexcounter NULL /home/maxwell/GitHub/TrabajoSED/HexCounter/Top_HexCounter.vhd sub00/vhpl10 1389619067
AR statemachine behavioral /home/maxwell/GitHub/TrabajoSED/HexCounter/StateMachine.vhd sub00/vhpl05 1389619060
AR demux behavioral /home/maxwell/GitHub/TrabajoSED/HexCounter/Demux.vhd sub00/vhpl13 1389619062
AR prescaler behavioral /home/maxwell/GitHub/TrabajoSED/HexCounter/Prescaler.vhd sub00/vhpl01 1389619056
AR hexdecoder dataflow /home/maxwell/GitHub/TrabajoSED/HexCounter/HexDecoder.vhd sub00/vhpl03 1389619066
EN hexdecoder NULL /home/maxwell/GitHub/TrabajoSED/HexCounter/HexDecoder.vhd sub00/vhpl02 1389619065
AR top_hexcounter structural /home/maxwell/GitHub/TrabajoSED/HexCounter/Top_HexCounter.vhd sub00/vhpl11 1389619068
AR hexcounter behavioral /home/maxwell/GitHub/TrabajoSED/HexCounter/HexCounter.vhd sub00/vhpl09 1389619064
EN statemachine NULL /home/maxwell/GitHub/TrabajoSED/HexCounter/StateMachine.vhd sub00/vhpl04 1389619059
EN prescaler NULL /home/maxwell/GitHub/TrabajoSED/HexCounter/Prescaler.vhd sub00/vhpl00 1389619055
EN debouncer NULL /home/maxwell/GitHub/TrabajoSED/HexCounter/Debouncer.vhd sub00/vhpl06 1389619057
