V3 39
FL /home/maxwell/GitHub/TrabajoSED/HexCounter/Count_StateMachine.vhd 2014/01/16.18:43:45 P.68d
EN work/COUNT_STATEMACHINE 1389896558 \
      FL /home/maxwell/GitHub/TrabajoSED/HexCounter/Count_StateMachine.vhd \
      PB ieee/std_logic_1164 1370735607
AR work/COUNT_STATEMACHINE/BEHAVIORAL 1389896559 \
      FL /home/maxwell/GitHub/TrabajoSED/HexCounter/Count_StateMachine.vhd \
      EN work/COUNT_STATEMACHINE 1389896558
FL /home/maxwell/GitHub/TrabajoSED/HexCounter/Debouncer.vhd 2014/01/16.18:43:45 P.68d
EN work/DEBOUNCER 1389896554 \
      FL /home/maxwell/GitHub/TrabajoSED/HexCounter/Debouncer.vhd \
      PB ieee/std_logic_1164 1370735607
AR work/DEBOUNCER/BEHAVIORAL 1389896555 \
      FL /home/maxwell/GitHub/TrabajoSED/HexCounter/Debouncer.vhd \
      EN work/DEBOUNCER 1389896554
FL /home/maxwell/GitHub/TrabajoSED/HexCounter/Demux.vhd 2014/01/13.16:49:44 P.68d
EN work/DEMUX 1389896560 FL /home/maxwell/GitHub/TrabajoSED/HexCounter/Demux.vhd \
      PB ieee/std_logic_1164 1370735607
AR work/DEMUX/BEHAVIORAL 1389896561 \
      FL /home/maxwell/GitHub/TrabajoSED/HexCounter/Demux.vhd EN work/DEMUX 1389896560
FL /home/maxwell/GitHub/TrabajoSED/HexCounter/HexCounter.vhd 2014/01/13.14:45:14 P.68d
EN work/HEXCOUNTER 1389896562 \
      FL /home/maxwell/GitHub/TrabajoSED/HexCounter/HexCounter.vhd \
      PB ieee/std_logic_1164 1370735607 PB ieee/std_logic_arith 1370735608 \
      PB ieee/STD_LOGIC_UNSIGNED 1370735609
AR work/HEXCOUNTER/BEHAVIORAL 1389896563 \
      FL /home/maxwell/GitHub/TrabajoSED/HexCounter/HexCounter.vhd \
      EN work/HEXCOUNTER 1389896562
FL /home/maxwell/GitHub/TrabajoSED/HexCounter/HexDecoder.vhd 2014/01/12.14:44:52 P.68d
EN work/HEXDECODER 1389896564 \
      FL /home/maxwell/GitHub/TrabajoSED/HexCounter/HexDecoder.vhd \
      PB ieee/std_logic_1164 1370735607
AR work/HEXDECODER/DATAFLOW 1389896565 \
      FL /home/maxwell/GitHub/TrabajoSED/HexCounter/HexDecoder.vhd \
      EN work/HEXDECODER 1389896564
FL /home/maxwell/GitHub/TrabajoSED/HexCounter/Mux.vhd 2014/01/13.16:51:08 P.68d
EN work/MUX 1389896568 FL /home/maxwell/GitHub/TrabajoSED/HexCounter/Mux.vhd \
      PB ieee/std_logic_1164 1370735607
AR work/MUX/BEHAVIORAL 1389896569 \
      FL /home/maxwell/GitHub/TrabajoSED/HexCounter/Mux.vhd EN work/MUX 1389896568
FL /home/maxwell/GitHub/TrabajoSED/HexCounter/Prescaler.vhd 2014/01/16.18:43:46 P.68d
EN work/PRESCALER 1389896566 \
      FL /home/maxwell/GitHub/TrabajoSED/HexCounter/Prescaler.vhd \
      PB ieee/std_logic_1164 1370735607
AR work/PRESCALER/BEHAVIORAL 1389896567 \
      FL /home/maxwell/GitHub/TrabajoSED/HexCounter/Prescaler.vhd \
      EN work/PRESCALER 1389896566
FL /home/maxwell/GitHub/TrabajoSED/HexCounter/StateMachine.vhd 2014/01/16.19:22:27 P.68d
EN work/STATEMACHINE 1389896556 \
      FL /home/maxwell/GitHub/TrabajoSED/HexCounter/StateMachine.vhd \
      PB ieee/std_logic_1164 1370735607
AR work/STATEMACHINE/BEHAVIORAL 1389896557 \
      FL /home/maxwell/GitHub/TrabajoSED/HexCounter/StateMachine.vhd \
      EN work/STATEMACHINE 1389896556
FL /home/maxwell/GitHub/TrabajoSED/HexCounter/Sychronizer.vhd 2014/01/16.18:43:46 P.68d
EN work/Sychronizer 1389896552 \
      FL /home/maxwell/GitHub/TrabajoSED/HexCounter/Sychronizer.vhd \
      PB ieee/std_logic_1164 1370735607
AR work/Sychronizer/Behavioral 1389896553 \
      FL /home/maxwell/GitHub/TrabajoSED/HexCounter/Sychronizer.vhd \
      EN work/Sychronizer 1389896552
FL /home/maxwell/GitHub/TrabajoSED/HexCounter/Top_HexCounter.vhd 2014/01/16.19:18:08 P.68d
EN work/TOP_HEXCOUNTER 1389896570 \
      FL /home/maxwell/GitHub/TrabajoSED/HexCounter/Top_HexCounter.vhd \
      PB ieee/std_logic_1164 1370735607
AR work/TOP_HEXCOUNTER/STRUCTURAL 1389896571 \
      FL /home/maxwell/GitHub/TrabajoSED/HexCounter/Top_HexCounter.vhd \
      EN work/TOP_HEXCOUNTER 1389896570 CP Sychronizer CP DEBOUNCER CP STATEMACHINE \
      CP COUNT_STATEMACHINE CP DEMUX CP HEXCOUNTER CP HEXDECODER CP PRESCALER CP MUX
