V3 6
FL /home/maxwell/GitHub/TrabajoSED/HexCounter/HexDecoder.vhd 2014/01/12.06:15:26 P.68d
EN work/HEXDECODER 1389503746 \
      FL /home/maxwell/GitHub/TrabajoSED/HexCounter/HexDecoder.vhd \
      PB ieee/std_logic_1164 1370735607
AR work/HEXDECODER/DATAFLOW 1389503747 \
      FL /home/maxwell/GitHub/TrabajoSED/HexCounter/HexDecoder.vhd \
      EN work/HEXDECODER 1389503746
FL /home/maxwell/GitHub/TrabajoSED/HexCounter/Prescaler.vhd 2014/01/12.04:47:11 P.68d
EN work/PRESCALER 1389503732 \
      FL /home/maxwell/GitHub/TrabajoSED/HexCounter/Prescaler.vhd \
      PB ieee/std_logic_1164 1370735607
AR work/PRESCALER/BEHAVIORAL 1389503733 \
      FL /home/maxwell/GitHub/TrabajoSED/HexCounter/Prescaler.vhd \
      EN work/PRESCALER 1389503732
